../Core/Src/adxl345.c:8:6:ADXL_init	16	static
../Core/Src/adxl345.c:25:6:ADXL_WriteReg	32	static
../Core/Src/adxl345.c:30:9:ADXL_ReadReg	32	static
../Core/Src/adxl345.c:39:6:ADXL_set_range	16	static
../Core/Src/adxl345.c:44:9:ADXL_get_range	8	static
../Core/Src/adxl345.c:48:6:ADXL_set_rate	16	static
../Core/Src/adxl345.c:51:8:ADXL_get_rate	8	static
../Core/Src/adxl345.c:76:6:ADXL_power	16	static
../Core/Src/adxl345.c:84:6:ADXL_full_res	16	static
../Core/Src/adxl345.c:93:6:ADXL_get_data	32	static
