../Core/Src/adxl345.c:8:6:ADXL_init	16	static
../Core/Src/adxl345.c:28:6:ADXL_WriteReg	32	static
../Core/Src/adxl345.c:33:9:ADXL_ReadReg	32	static
../Core/Src/adxl345.c:42:6:ADXL_set_range	16	static
../Core/Src/adxl345.c:47:9:ADXL_get_range	8	static
../Core/Src/adxl345.c:51:6:ADXL_set_rate	16	static
../Core/Src/adxl345.c:54:8:ADXL_get_rate	8	static
../Core/Src/adxl345.c:79:6:ADXL_power	16	static
../Core/Src/adxl345.c:87:6:ADXL_full_res	16	static
../Core/Src/adxl345.c:96:6:ADXL_get_data	32	static
../Core/Src/adxl345.c:103:6:ADXL_read	4	static
