../Core/Src/bmp180.c:16:9:BMP180_init	16	static
../Core/Src/bmp180.c:29:6:BMP180_WriteReg	32	static
../Core/Src/bmp180.c:34:9:BMP180_ReadReg	32	static
../Core/Src/bmp180.c:46:6:BMP180_set_oss	16	static
../Core/Src/bmp180.c:50:6:_oss_delay	8	static
../Core/Src/bmp180.c:62:6:BMP180_get_calibration_coefficients	880	static
../Core/Src/bmp180.c:93:9:BMP180_UT	16	static
../Core/Src/bmp180.c:99:6:BMP180_get_data	16	static
../Core/Src/bmp180.c:111:10:BMP180_Press	48	static
../Core/Src/bmp180.c:135:8:BMP180_calcAlt	24	static
../Core/Src/bmp180.c:139:9:BMP180_Temp	24	static
../Core/Src/bmp180.c:146:6:BMP180_upd_data	16	static
