../Core/Src/main.c:56:6:I2C_Scan	112	static
../Core/Src/main.c:92:9:map	24	static
../Core/Src/main.c:102:26:I2CResetBus	8	static
../Core/Src/main.c:126:5:main	8896	static
../Core/Src/main.c:379:6:SystemClock_Config	88	static
../Core/Src/main.c:423:13:MX_I2C1_Init	8	static
../Core/Src/main.c:455:13:MX_SDIO_SD_Init	4	static
../Core/Src/main.c:482:13:MX_SPI1_Init	8	static
../Core/Src/main.c:518:13:MX_TIM2_Init	64	static
../Core/Src/main.c:573:13:MX_TIM3_Init	64	static
../Core/Src/main.c:628:13:MX_USART1_UART_Init	8	static
../Core/Src/main.c:659:13:MX_GPIO_Init	48	static
../Core/Src/main.c:724:6:blink_stmled	8	static
../Core/Src/main.c:730:6:blink_rfled	24	static
../Core/Src/main.c:739:16:wait_for_gpio_state_timeout	32	static,ignoring_inline_asm
../Core/Src/main.c:756:13:I2C_ClearBusyFlagErratum	40	static,ignoring_inline_asm
../Core/Src/main.c:841:6:Error_Handler	4	static,ignoring_inline_asm
