../Core/Src/main.c:52:6:I2C_Scan	112	static
../Core/Src/main.c:86:9:map	24	static
../Core/Src/main.c:92:26:I2CResetBus	8	static
../Core/Src/main.c:117:5:main	64	static
../Core/Src/main.c:212:6:SystemClock_Config	88	static
../Core/Src/main.c:259:13:MX_I2C1_Init	8	static
../Core/Src/main.c:293:13:MX_SPI1_Init	8	static
../Core/Src/main.c:331:13:MX_TIM2_Init	64	static
../Core/Src/main.c:390:13:MX_TIM3_Init	64	static
../Core/Src/main.c:449:13:MX_USART1_UART_Init	8	static
../Core/Src/main.c:482:13:MX_GPIO_Init	48	static
../Core/Src/main.c:550:6:blink_stmled	8	static
../Core/Src/main.c:561:6:Error_Handler	4	static,ignoring_inline_asm
